// Vitest Snapshot v1, https://vitest.dev/guide/snapshot.html

exports[`DeepExpandingMenuClassic > renders correct HTML structure 1`] = `
"<nav class="deep-expanding-menu-classic">
  <div class="inner"><a href="/" class="navigation-link">Home</a>
    <details class="navigation-group" name="navigation-group">
      <summary class="navigation-group-toggle"><span>Services</span><span class="iconify i-bi:caret-down-fill icon" aria-hidden="true"></span></summary>
      <div class="navigation-group-panel">
        <h4 class="page-heading-4 mb-6">Our services</h4>
        <ul class="navigation-group-list">
          <li class="navigation-group-item"><a href="/services/haircuts" class="navigation-group-link">Haircuts</a></li>
          <li class="navigation-group-item"><a href="/services/colouring" class="navigation-group-link">Colouring</a></li>
        </ul>
      </div>
    </details><a href="/contact" class="navigation-link">Contact</a>
  </div>
</nav>"
`;
