// Vitest Snapshot v1, https://vitest.dev/guide/snapshot.html

exports[`DisplayTooltip > renders correct HTML structure 1`] = `
"<div class="display-tooltip-core" style="--_anchor-name: --tooltip-anchor-v-0-0;">
  <div class="display-tooltip-trigger-wrapper body-md">
    <!--v-if--><button popovertarget="fixed-id" popovertargetaction="toggle" class="display-tooltip-trigger-button" aria-label="Toggle the popover"><span class="iconify i-fa7-solid:circle-question display-tooltip-trigger-icon" aria-hidden="true"></span></button>
  </div>
  <div id="fixed-id" popover="" class="display-tooltip-popover">
    <div class="display-tooltip-popover-content"></div>
  </div>
</div>"
`;
