// Vitest Snapshot v1, https://vitest.dev/guide/snapshot.html

exports[`ScrollRevealImage > renders correct HTML structure (all props set) 1`] = `
"<figure class="reveal-frame custom-class" style="--_frame-height: 400px; --_parallax-offset: 20rem; --_radius: 1.6rem; --_focal-x: 30%;">
  <div class="reveal-content"><img width="800" height="600" data-nuxt-img="" srcset="/_ipx/s_800x600/images/test.jpg 1x, /_ipx/s_1600x1200/images/test.jpg 2x" class="reveal-image" alt="All props" loading="lazy" decoding="async" src="/_ipx/s_800x600/images/test.jpg"></div>
</figure>"
`;

exports[`ScrollRevealImage > renders correct HTML structure (default props) 1`] = `
"<figure class="reveal-frame" style="--_frame-height: 540px; --_parallax-offset: 36rem; --_radius: 0px; --_focal-x: 50%;">
  <div class="reveal-content"><img width="1920" height="1080" data-nuxt-img="" srcset="/_ipx/s_1920x1080/images/test.jpg 1x, /_ipx/s_3840x2160/images/test.jpg 2x" class="reveal-image" alt="Test image" loading="lazy" decoding="async" src="/_ipx/s_1920x1080/images/test.jpg"></div>
</figure>"
`;
