// Vitest Snapshot v1, https://vitest.dev/guide/snapshot.html

exports[`SectionParallax > renders correct HTML structure (default) 1`] = `"<div class="section-parallax"></div>"`;

exports[`SectionParallax > renders correct HTML structure (with slot content) 1`] = `
"<div class="section-parallax">
  <p class="overlay-text">A quiet moment.</p>
</div>"
`;
