// Vitest Snapshot v1, https://vitest.dev/guide/snapshot.html

exports[`PageHeroHighlights > renders correct HTML structure 1`] = `
"<div data-v-bed007d8="" class="page-hero-highlights">
  <div data-v-bed007d8="" class="header">
    <div data-v-bed007d8="" class="header-inner">
      <h1>Page Title</h1>
    </div>
  </div>
  <div data-v-bed007d8="" class="highlights">
    <div class="highlight">Highlight 1</div>
  </div>
  <div data-v-bed007d8="" class="content">
    <div data-v-bed007d8="" class="content-inner">
      <p>Content</p>
    </div>
  </div>
</div>"
`;
