// Vitest Snapshot v1, https://vitest.dev/guide/snapshot.html

exports[`AutoGrid > renders correct HTML structure (all props and slots set) 1`] = `
"<section class="auto-grid custom-class is-responsive" aria-labelledby="v-0-0">
  <div>Item 1</div>
  <div>Item 2</div>
  <div>Item 3</div>
</section>"
`;

exports[`AutoGrid > renders correct HTML structure (default props) 1`] = `"<div class="auto-grid"></div>"`;
