// Vitest Snapshot v1, https://vitest.dev/guide/snapshot.html

exports[`SliderGallery > renders correct HTML structure after load 1`] = `
"<div class="slider-gallery" role="region" aria-roledescription="carousel" aria-label="Image gallery">
  <div class="slider-gallery-loading" role="status">
    <div class="slider-gallery-spinner" aria-hidden="true"></div>
    <p>Loading gallery...</p>
  </div>
  <div class="slider-gallery-content">
    <div class="slider-gallery-list">
      <div class="slider-gallery-item"><img data-nuxt-img="" srcset="/_ipx/_/images/slide-1.jpg 1x, /_ipx/_/images/slide-1.jpg 2x" alt="Slide 1" src="/_ipx/_/images/slide-1.jpg">
        <div class="slider-gallery-item-content light">
          <div class="slider-gallery-author">Stylist One</div>
          <div class="slider-gallery-title">First Slide</div>
          <div class="slider-gallery-topic">Fashion</div>
          <div class="slider-gallery-description">Description for first slide</div>
          <!--v-if-->
        </div>
      </div>
      <div class="slider-gallery-item"><img data-nuxt-img="" srcset="/_ipx/_/images/slide-2.jpg 1x, /_ipx/_/images/slide-2.jpg 2x" alt="Slide 2" src="/_ipx/_/images/slide-2.jpg">
        <div class="slider-gallery-item-content dark">
          <!--v-if-->
          <div class="slider-gallery-title">Second Slide</div>
          <div class="slider-gallery-topic">Style</div>
          <!--v-if-->
          <!--v-if-->
        </div>
      </div>
      <div class="slider-gallery-item"><img data-nuxt-img="" srcset="/_ipx/_/images/slide-3.jpg 1x, /_ipx/_/images/slide-3.jpg 2x" alt="Slide 3" src="/_ipx/_/images/slide-3.jpg">
        <div class="slider-gallery-item-content light">
          <!--v-if-->
          <!--v-if-->
          <!--v-if-->
          <!--v-if-->
          <!--v-if-->
        </div>
      </div>
    </div>
    <div class="slider-gallery-thumbnails" aria-hidden="true">
      <div class="slider-gallery-item">
        <div class="slider-gallery-thumbnail-overlay"><img data-nuxt-img="" srcset="/_ipx/_/images/slide-1.jpg 1x, /_ipx/_/images/slide-1.jpg 2x" alt="" loading="lazy" src="/_ipx/_/images/slide-1.jpg">
          <div class="slider-gallery-item-content light">
            <div class="slider-gallery-title">Thumb 1</div>
            <div class="slider-gallery-description">Thumb desc 1</div>
          </div>
        </div>
      </div>
      <div class="slider-gallery-item">
        <div class="slider-gallery-thumbnail-overlay"><img data-nuxt-img="" srcset="/_ipx/_/images/slide-2.jpg 1x, /_ipx/_/images/slide-2.jpg 2x" alt="" loading="lazy" src="/_ipx/_/images/slide-2.jpg">
          <div class="slider-gallery-item-content dark">
            <div class="slider-gallery-title">Thumb 2</div>
            <div class="slider-gallery-description">Thumb desc 2</div>
          </div>
        </div>
      </div>
      <div class="slider-gallery-item">
        <div class="slider-gallery-thumbnail-overlay"><img data-nuxt-img="" srcset="/_ipx/_/images/slide-3.jpg 1x, /_ipx/_/images/slide-3.jpg 2x" alt="" loading="lazy" src="/_ipx/_/images/slide-3.jpg">
          <div class="slider-gallery-item-content light">
            <!--v-if-->
            <!--v-if-->
          </div>
        </div>
      </div>
    </div>
    <div class="slider-gallery-arrows"><button type="button" class="slider-gallery-prev" aria-label="Previous image"><span class="iconify i-ic:outline-keyboard-arrow-left slider-gallery-arrow-icon" aria-hidden="true"></span></button><button type="button" class="slider-gallery-next" aria-label="Next image"><span class="iconify i-ic:outline-keyboard-arrow-right slider-gallery-arrow-icon" aria-hidden="true"></span></button></div>
    <div class="slider-gallery-progress" aria-hidden="true"></div>
  </div>
</div>"
`;
