// Vitest Snapshot v1, https://vitest.dev/guide/snapshot.html

exports[`LayoutGrid > renders correct HTML structure (div, 2 items) 1`] = `
"<div class="layout-grid">
  <!--v-if-->
  <!--v-if-->
  <div class="layout-grid__inner">
    <p>First</p>
    <p>Second</p>
  </div>
</div>"
`;

exports[`LayoutGrid > renders correct HTML structure (section with label) 1`] = `
"<section class="layout-grid" aria-labelledby="v-0-0">
  <p id="v-0-0" class="sr-only">Feature grid</p>
  <!--v-if-->
  <div class="layout-grid__inner"></div>
</section>"
`;

exports[`LayoutGrid > renders correct HTML structure with styleClassPassthrough 1`] = `
"<div class="layout-grid custom-class another-class">
  <!--v-if-->
  <!--v-if-->
  <div class="layout-grid__inner"></div>
</div>"
`;

exports[`LayoutGrid > renders correctly with all props and slots combined 1`] = `
"<section class="layout-grid services-grid" aria-labelledby="v-0-0">
  <p id="v-0-0" class="sr-only">Services</p>
  <!--v-if-->
  <div class="layout-grid__inner">
    <p>One</p>
    <p>Two</p>
    <p>Three</p>
  </div>
</section>"
`;
