// Vitest Snapshot v1, https://vitest.dev/guide/snapshot.html

exports[`LayoutGridByCols > renders correct HTML structure (div, 2 items) 1`] = `
"<div class="layout-grid-by-width">
  <!--v-if-->
  <div class="layout-grid-inner">
    <p>First</p>
    <p>Second</p>
  </div>
</div>"
`;

exports[`LayoutGridByCols > renders correct HTML structure (section with label) 1`] = `
"<section class="layout-grid-by-width" aria-labelledby="v-0-0">
  <p id="v-0-0" class="sr-only">Feature grid</p>
  <div class="layout-grid-inner"></div>
</section>"
`;

exports[`LayoutGridByCols > renders correct HTML structure with styleClassPassthrough 1`] = `
"<div class="layout-grid-by-width custom-class another-class">
  <!--v-if-->
  <div class="layout-grid-inner"></div>
</div>"
`;

exports[`LayoutGridByCols > renders correctly with all props and slots combined 1`] = `
"<section class="layout-grid-by-width services-grid" aria-labelledby="v-0-0" columns="3">
  <p id="v-0-0" class="sr-only">Services</p>
  <div class="layout-grid-inner">
    <p>One</p>
    <p>Two</p>
    <p>Three</p>
  </div>
</section>"
`;
