// Vitest Snapshot v1, https://vitest.dev/guide/snapshot.html

exports[`DisplayTooltipDefined > renders correct HTML structure 1`] = `
"<div class="display-tooltip-core" style="--_anchor-name: --tooltip-anchor-v-0-0-0;">
  <div class="display-tooltip-trigger-wrapper body-md">
    <!--v-if--><button popovertarget="nuxt-tooltip-fixed" popovertargetaction="toggle" class="display-tooltip-trigger-button" aria-label="Toggle the popover"><span class="iconify i-fa7-solid:circle-question display-tooltip-trigger-icon" aria-hidden="true"></span></button>
  </div>
  <div id="nuxt-tooltip-fixed" popover="" class="display-tooltip-popover">
    <div class="display-tooltip-popover-content">
      <div class="popover-content-defined">
        <h4 class="tooltip-title subtitle-sm">Title</h4>
        <p class="tooltip-body body-sm">Body copy</p><span class="tooltip-action input-value">Learn more</span><button popovertarget="nuxt-tooltip-fixed" popovertargetaction="hide" class="display-tooltip-close-button" aria-label="Close tool tip">Close</button>
      </div>
    </div>
  </div>
</div>"
`;
